// Jest Snapshot v1, https://goo.gl/fbAQLP

exports[`Snapshot Tests matches snapshot with default state 1`] = `
<div>
  <div
    class="cds--tile investigationsFormTile"
  >
    <div
      class="investigationsFormTitle"
    >
      Order Investigations
    </div>
    <div
      class="cds--list-box__wrapper"
    >
      <div
        class="cds--combo-box cds--autoalign cds--list-box"
      >
        <div
          class="cds--list-box__field"
        >
          <input
            aria-activedescendant=""
            aria-autocomplete="list"
            aria-controls="downshift-«r1c»-menu"
            aria-expanded="false"
            aria-haspopup="listbox"
            aria-label="INVESTIGATIONS_SEARCH_ARIA_LABEL"
            autocomplete="off"
            class="cds--text-input cds--text-input--empty"
            id="investigations-search"
            placeholder="Search to add laboratory or radiology investigations"
            role="combobox"
            tabindex="0"
            title=""
            type="text"
            value=""
          />
          <button
            aria-controls="downshift-«r1c»-menu"
            aria-expanded="false"
            aria-label="Open"
            class="cds--list-box__menu-icon"
            id="downshift-«r1c»-toggle-button"
            tabindex="-1"
            title="Open"
            type="button"
          >
            <svg
              aria-hidden="true"
              fill="currentColor"
              focusable="false"
              height="16"
              preserveAspectRatio="xMidYMid meet"
              viewBox="0 0 16 16"
              width="16"
              xmlns="http://www.w3.org/2000/svg"
            >
              <path
                d="M8 11L3 6 3.7 5.3 8 9.6 12.3 5.3 13 6z"
              />
            </svg>
          </button>
        </div>
        <ul
          aria-labelledby="downshift-«r1c»-label"
          class="cds--list-box__menu"
          id="downshift-«r1c»-menu"
          role="listbox"
          style="position: fixed; left: 0px; top: 0px; visibility: visible; transform: translate(0px, 0px);"
        />
      </div>
    </div>
  </div>
</div>
`;
