// Jest Snapshot v1, https://goo.gl/fbAQLP

exports[`Snapshot should match snapshot 1`] = `
<div>
  <div
    class="cds--css-grid cds--css-grid--narrow cds--css-grid--full-width"
    data-testid="selected-item"
  >
    <div
      class="cds--sm:col-span-3 cds--md:col-span-7 cds--lg:col-span-15 cds--xlg:col-span-15 cds--css-grid-column"
    >
      <div>
        Test content
      </div>
    </div>
    <div
      class="cds--sm:col-span-1 cds--md:col-span-1 cds--lg:col-span-1 cds--xlg:col-span-1 cds--css-grid-column"
    >
      <span
        class="cds--popover-container cds--popover--caret cds--popover--high-contrast cds--popover--top cds--tooltip cds--icon-tooltip"
      >
        <div
          class="cds--tooltip-trigger__wrapper"
        >
          <button
            aria-label="Close Selected Item"
            aria-labelledby="tooltip-«rd»"
            class="cds--btn cds--btn--lg cds--layout--size-lg cds--btn--primary cds--btn--icon-only"
            data-testid="selected-item-close-button"
            id="close-selected-item"
            type="button"
          >
            <svg
              aria-hidden="true"
              fill="currentColor"
              focusable="false"
              height="16"
              preserveAspectRatio="xMidYMid meet"
              viewBox="0 0 32 32"
              width="16"
              xmlns="http://www.w3.org/2000/svg"
            >
              <path
                d="M17.4141 16L24 9.4141 22.5859 8 16 14.5859 9.4143 8 8 9.4141 14.5859 16 8 22.5859 9.4143 24 16 17.4141 22.5859 24 24 22.5859 17.4141 16z"
              />
            </svg>
          </button>
        </div>
        <span
          aria-hidden="true"
          class="cds--popover"
          id="tooltip-«rd»"
          role="tooltip"
        >
          <span
            class="cds--popover-content cds--tooltip-content"
          >
            Close
          </span>
          <span
            class="cds--popover-caret"
          />
        </span>
      </span>
    </div>
  </div>
</div>
`;
