// Jest Snapshot v1, https://goo.gl/fbAQLP

exports[`ObservationFormsContainer Rendering and Structure should match the snapshot when not viewing a form 1`] = `<div />`;

exports[`ObservationFormsContainer Rendering and Structure should match the snapshot when viewing a form 1`] = `
<div>
  <div
    class="formViewActionArea"
    data-testid="action-area"
  >
    <div
      data-testid="action-area-title"
    >
      <div
        class="formTitleContainer"
      >
        <span>
          Test Form
        </span>
        <div
          class="pinIconContainer unpinned"
          title="Pin form"
        >
          <div
            data-icon-name="fa-thumbtack"
            data-size="SM"
            data-testid="icon-pin-icon"
          >
            Icon
          </div>
        </div>
      </div>
    </div>
    <div
      data-testid="action-area-content"
    >
      <div
        class="formView"
      >
        <div
          class="formContent"
        />
      </div>
    </div>
    <div
      data-testid="action-area-buttons"
    >
      <button
        data-testid="primary-button"
      >
        translated_OBSERVATION_FORM_SAVE_BUTTON
      </button>
      <button
        data-testid="secondary-button"
      >
        translated_OBSERVATION_FORM_DISCARD_BUTTON
      </button>
      <button
        data-testid="tertiary-button"
      >
        translated_OBSERVATION_FORM_BACK_BUTTON
      </button>
    </div>
  </div>
</div>
`;
